../Core/Src/main.c:113:6:HAL_GPIO_EXTI_Callback	16	static
../Core/Src/main.c:123:6:LIS302DL_Read	16	static
../Core/Src/main.c:135:6:LIS302DL_Write	16	static
../Core/Src/main.c:145:6:getAccData	8	static
../Core/Src/main.c:157:6:getVelocity	8	static
../Core/Src/main.c:171:6:sendData	8	static
../Core/Src/main.c:184:6:init_weight	24	static
../Core/Src/main.c:199:7:measure_weight	16	static
../Core/Src/main.c:215:5:main	8	static
../Core/Src/main.c:285:6:SystemClock_Config	88	static
../Core/Src/main.c:328:13:MX_CAN1_Init	48	static
../Core/Src/main.c:376:13:MX_I2C1_Init	8	static
../Core/Src/main.c:408:13:MX_I2S3_Init	8	static
../Core/Src/main.c:440:13:MX_SPI1_Init	8	static
../Core/Src/main.c:476:13:MX_TIM2_Init	32	static
../Core/Src/main.c:518:13:MX_GPIO_Init	56	static
../Core/Src/main.c:630:6:Error_Handler	4	static,ignoring_inline_asm
